
Discarded input sections

 .bss           0x0000000000000000        0x0 build/mailbox.o
 .ARM.attributes
                0x0000000000000000       0x12 build/mailbox.o
 .bss           0x0000000000000000        0x0 build/frameBuffer.o
 .ARM.attributes
                0x0000000000000000       0x12 build/frameBuffer.o
 .bss           0x0000000000000000        0x0 build/systemTimer.o
 .ARM.attributes
                0x0000000000000000       0x14 build/systemTimer.o
 .bss           0x0000000000000000        0x0 build/drawing.o
 .ARM.attributes
                0x0000000000000000       0x14 build/drawing.o
 .bss           0x0000000000000000        0x0 build/gpio.o
 .ARM.attributes
                0x0000000000000000       0x12 build/gpio.o
 .bss           0x0000000000000000        0x0 build/main.o
 .ARM.attributes
                0x0000000000000000       0x12 build/main.o
 .bss           0x0000000000000000        0x0 build/random.o
 .ARM.attributes
                0x0000000000000000       0x12 build/random.o

Memory Configuration

Name             Origin             Length             Attributes
*default*        0x0000000000000000 0xffffffffffffffff

Linker script and memory map

LOAD build/mailbox.o
LOAD build/frameBuffer.o
LOAD build/systemTimer.o
LOAD build/drawing.o
LOAD build/gpio.o
LOAD build/main.o
LOAD build/random.o

.init           0x0000000000008000        0x4
 *(.init)
 .init          0x0000000000008000        0x4 build/main.o
                0x0000000000008000                _start

.text           0x0000000000008004      0x46c
 *(.text)
 .text          0x0000000000008004       0x78 build/mailbox.o
                0x0000000000008004                GetMailboxBase
                0x000000000000800c                MailboxWrite
                0x0000000000008040                MailboxRead
 .text          0x000000000000807c       0x60 build/frameBuffer.o
                0x000000000000807c                InitialiseFrameBuffer
 .text          0x00000000000080dc       0x40 build/systemTimer.o
                0x00000000000080dc                GetSystemTimerAddress
                0x00000000000080f4                Wait
 .text          0x000000000000811c      0x15c build/drawing.o
                0x000000000000811c                SetForegroundColour
                0x0000000000008130                SetGraphicsAddress
                0x000000000000813c                DrawPixel
                0x0000000000008184                DrawLine
                0x0000000000008200                DrawCharacter
 .text          0x0000000000008278       0x98 build/gpio.o
                0x0000000000008278                GetGpioBase
                0x0000000000008280                SetGpioFunction
                0x00000000000082d0                SetGpio
 .text          0x0000000000008310      0x148 build/main.o
 .text          0x0000000000008458       0x18 build/random.o
                0x0000000000008458                Random

.data           0x0000000000008470      0x840
 *(.data)
 .data          0x0000000000008470        0x0 build/mailbox.o
 .data          0x0000000000008470       0x28 build/frameBuffer.o
                0x0000000000008470                FrameBufferInfo
 .data          0x0000000000008498        0x0 build/systemTimer.o
 *fill*         0x0000000000008498        0x8 
 .data          0x00000000000084a0      0x810 build/drawing.o
 .data          0x0000000000008cb0        0x0 build/gpio.o
 .data          0x0000000000008cb0        0x0 build/main.o
 .data          0x0000000000008cb0        0x0 build/random.o

/DISCARD/
 *(*)
OUTPUT(build/output.elf elf32-littlearm)
LOAD linker stubs
